2026-02-09 08:58:33,771 - INFO - 
======================================================================
2026-02-09 08:58:33,772 - INFO - TOC REMOVER FOR HUGO ARTICLES
2026-02-09 08:58:33,772 - INFO - SCRIPT STARTED
2026-02-09 08:58:33,772 - INFO - ======================================================================

2026-02-09 08:58:33,772 - INFO - No tracking file found, creating new one
2026-02-09 08:58:33,772 - INFO - Found 4 markdown files to check
2026-02-09 08:58:33,772 - INFO - Already processed: 0 files
2026-02-09 08:58:33,773 - INFO - 
============================================================
2026-02-09 08:58:33,773 - INFO - Processing: E1 to E4 - (DevOps Basics & Concepts).md
2026-02-09 08:58:33,773 - INFO - ============================================================
2026-02-09 08:58:33,773 - INFO - Found TOC in E1 to E4 - (DevOps Basics & Concepts).md from line 64 to line 76
2026-02-09 08:58:33,774 - INFO - ✓ Successfully removed TOC from: E1 to E4 - (DevOps Basics & Concepts).md
2026-02-09 08:58:33,774 - INFO -   Removed 13 lines
2026-02-09 08:58:33,774 - INFO - 
============================================================
2026-02-09 08:58:33,774 - INFO - Processing: E15 to E - (AWS Setup and Start Virtualization).md
2026-02-09 08:58:33,774 - INFO - ============================================================
2026-02-09 08:58:33,774 - INFO - No TOC found in: E15 to E - (AWS Setup and Start Virtualization).md
2026-02-09 08:58:33,774 - INFO - 
============================================================
2026-02-09 08:58:33,775 - INFO - Processing: E5 to E6 - (CI-Continuous Integration & CD-Continuous Delivery).md
2026-02-09 08:58:33,775 - INFO - ============================================================
2026-02-09 08:58:33,775 - INFO - Found TOC in E5 to E6 - (CI-Continuous Integration & CD-Continuous Delivery).md from line 64 to line 85
2026-02-09 08:58:33,776 - INFO - ✓ Successfully removed TOC from: E5 to E6 - (CI-Continuous Integration & CD-Continuous Delivery).md
2026-02-09 08:58:33,776 - INFO -   Removed 22 lines
2026-02-09 08:58:33,776 - INFO - 
============================================================
2026-02-09 08:58:33,776 - INFO - Processing: E9 to E14 - (Pre-Requires Tools & Accounts for DevOps Course).md
2026-02-09 08:58:33,776 - INFO - ============================================================
2026-02-09 08:58:33,776 - INFO - Found TOC in E9 to E14 - (Pre-Requires Tools & Accounts for DevOps Course).md from line 64 to line 81
2026-02-09 08:58:33,777 - INFO - ✓ Successfully removed TOC from: E9 to E14 - (Pre-Requires Tools & Accounts for DevOps Course).md
2026-02-09 08:58:33,777 - INFO -   Removed 18 lines
2026-02-09 08:58:33,778 - INFO - Tracking file saved with 4 processed files
2026-02-09 08:58:33,778 - INFO - 
============================================================
2026-02-09 08:58:33,778 - INFO - SUMMARY
2026-02-09 08:58:33,778 - INFO - ============================================================
2026-02-09 08:58:33,778 - INFO - Total files found: 4
2026-02-09 08:58:33,778 - INFO - Already processed (skipped): 0
2026-02-09 08:58:33,779 - INFO - TOC removed: 3
2026-02-09 08:58:33,779 - INFO - No TOC found: 1
2026-02-09 08:58:33,779 - INFO - Errors: 0
2026-02-09 08:58:33,779 - INFO - ============================================================
2026-02-09 08:58:33,779 - INFO - 
✓ Report saved to: toc_remover_report.txt
2026-02-09 08:58:33,779 - INFO - 
======================================================================
2026-02-09 08:58:33,779 - INFO - SCRIPT EXECUTION COMPLETED
2026-02-09 08:58:33,780 - INFO - ======================================================================

2026-02-09 08:59:38,747 - INFO - 
======================================================================
2026-02-09 08:59:38,747 - INFO - TOC REMOVER FOR HUGO ARTICLES
2026-02-09 08:59:38,748 - INFO - SCRIPT STARTED
2026-02-09 08:59:38,748 - INFO - ======================================================================

2026-02-09 08:59:38,748 - INFO - No tracking file found, creating new one
2026-02-09 08:59:38,748 - INFO - Found 4 markdown files to check
2026-02-09 08:59:38,748 - INFO - Already processed: 0 files
2026-02-09 08:59:38,749 - INFO - 
============================================================
2026-02-09 08:59:38,749 - INFO - Processing: E1 to E4 - (DevOps Basics & Concepts).md
2026-02-09 08:59:38,749 - INFO - ============================================================
2026-02-09 08:59:38,749 - INFO - No TOC found in: E1 to E4 - (DevOps Basics & Concepts).md
2026-02-09 08:59:38,749 - INFO - 
============================================================
2026-02-09 08:59:38,749 - INFO - Processing: E15 to E - (AWS Setup and Start Virtualization).md
2026-02-09 08:59:38,749 - INFO - ============================================================
2026-02-09 08:59:38,750 - INFO - No TOC found in: E15 to E - (AWS Setup and Start Virtualization).md
2026-02-09 08:59:38,750 - INFO - 
============================================================
2026-02-09 08:59:38,750 - INFO - Processing: E5 to E6 - (CI-Continuous Integration & CD-Continuous Delivery).md
2026-02-09 08:59:38,750 - INFO - ============================================================
2026-02-09 08:59:38,750 - INFO - No TOC found in: E5 to E6 - (CI-Continuous Integration & CD-Continuous Delivery).md
2026-02-09 08:59:38,750 - INFO - 
============================================================
2026-02-09 08:59:38,750 - INFO - Processing: E9 to E14 - (Pre-Requires Tools & Accounts for DevOps Course).md
2026-02-09 08:59:38,751 - INFO - ============================================================
2026-02-09 08:59:38,751 - INFO - No TOC found in: E9 to E14 - (Pre-Requires Tools & Accounts for DevOps Course).md
2026-02-09 08:59:38,751 - INFO - Tracking file saved with 4 processed files
2026-02-09 08:59:38,752 - INFO - 
============================================================
2026-02-09 08:59:38,752 - INFO - SUMMARY
2026-02-09 08:59:38,752 - INFO - ============================================================
2026-02-09 08:59:38,752 - INFO - Total files found: 4
2026-02-09 08:59:38,752 - INFO - Already processed (skipped): 0
2026-02-09 08:59:38,752 - INFO - TOC removed: 0
2026-02-09 08:59:38,752 - INFO - No TOC found: 4
2026-02-09 08:59:38,752 - INFO - Errors: 0
2026-02-09 08:59:38,752 - INFO - ============================================================
2026-02-09 08:59:38,753 - INFO - 
✓ Report saved to: toc_remover_report.txt
2026-02-09 08:59:38,753 - INFO - 
======================================================================
2026-02-09 08:59:38,753 - INFO - SCRIPT EXECUTION COMPLETED
2026-02-09 08:59:38,753 - INFO - ======================================================================

2026-02-09 09:58:49,284 - INFO - 
======================================================================
2026-02-09 09:58:49,285 - INFO - TOC REMOVER FOR HUGO ARTICLES
2026-02-09 09:58:49,285 - INFO - SCRIPT STARTED
2026-02-09 09:58:49,285 - INFO - ======================================================================

2026-02-09 09:58:49,285 - INFO - No tracking file found, creating new one
2026-02-09 09:58:49,287 - INFO - Found 27 markdown files to check (including subdirectories)
2026-02-09 09:58:49,287 - INFO - Already processed: 0 files
2026-02-09 09:58:49,287 - INFO - 
============================================================
2026-02-09 09:58:49,287 - INFO - Processing: cyber-security\_index.md
2026-02-09 09:58:49,287 - INFO - ============================================================
2026-02-09 09:58:49,287 - INFO - No TOC found in: _index.md
2026-02-09 09:58:49,287 - INFO - 
============================================================
2026-02-09 09:58:49,287 - INFO - Processing: linux\60 Commands Hacker Should Know it.md
2026-02-09 09:58:49,287 - INFO - ============================================================
2026-02-09 09:58:49,288 - INFO - Found TOC in 60 Commands Hacker Should Know it.md from line 8 to line 8
2026-02-09 09:58:49,288 - INFO - ✓ Successfully removed TOC from: 60 Commands Hacker Should Know it.md
2026-02-09 09:58:49,288 - INFO -   Removed 1 lines
2026-02-09 09:58:49,288 - INFO - 
============================================================
2026-02-09 09:58:49,288 - INFO - Processing: linux\_index.md
2026-02-09 09:58:49,289 - INFO - ============================================================
2026-02-09 09:58:49,289 - INFO - No TOC found in: _index.md
2026-02-09 09:58:49,289 - INFO - 
============================================================
2026-02-09 09:58:49,289 - INFO - Processing: python\Dir-Buster-Module.md
2026-02-09 09:58:49,289 - INFO - ============================================================
2026-02-09 09:58:49,289 - INFO - No TOC found in: Dir-Buster-Module.md
2026-02-09 09:58:49,289 - INFO - 
============================================================
2026-02-09 09:58:49,289 - INFO - Processing: python\_index.md
2026-02-09 09:58:49,289 - INFO - ============================================================
2026-02-09 09:58:49,290 - INFO - No TOC found in: _index.md
2026-02-09 09:58:49,290 - INFO - 
============================================================
2026-02-09 09:58:49,290 - INFO - Processing: seo\_index.md
2026-02-09 09:58:49,290 - INFO - ============================================================
2026-02-09 09:58:49,290 - INFO - No TOC found in: _index.md
2026-02-09 09:58:49,290 - INFO - 
============================================================
2026-02-09 09:58:49,290 - INFO - Processing: tools\MSFConsole Commands.md
2026-02-09 09:58:49,290 - INFO - ============================================================
2026-02-09 09:58:49,291 - INFO - No TOC found in: MSFConsole Commands.md
2026-02-09 09:58:49,291 - INFO - 
============================================================
2026-02-09 09:58:49,291 - INFO - Processing: tools\_index.md
2026-02-09 09:58:49,291 - INFO - ============================================================
2026-02-09 09:58:49,291 - INFO - No TOC found in: _index.md
2026-02-09 09:58:49,291 - INFO - 
============================================================
2026-02-09 09:58:49,291 - INFO - Processing: tools\Burpsuite\1-Install Burpsuite.md
2026-02-09 09:58:49,291 - INFO - ============================================================
2026-02-09 09:58:49,292 - INFO - No TOC found in: 1-Install Burpsuite.md
2026-02-09 09:58:49,292 - INFO - 
============================================================
2026-02-09 09:58:49,292 - INFO - Processing: tools\Burpsuite\2-Change HTTP Data & Bypass Parameters.md
2026-02-09 09:58:49,292 - INFO - ============================================================
2026-02-09 09:58:49,292 - INFO - No TOC found in: 2-Change HTTP Data & Bypass Parameters.md
2026-02-09 09:58:49,292 - INFO - 
============================================================
2026-02-09 09:58:49,292 - INFO - Processing: seo\0-SEO-Theories\E1 to E5 - SEO Intro, Search Engines, Keywords.md
2026-02-09 09:58:49,292 - INFO - ============================================================
2026-02-09 09:58:49,293 - INFO - No TOC found in: E1 to E5 - SEO Intro, Search Engines, Keywords.md
2026-02-09 09:58:49,293 - INFO - 
============================================================
2026-02-09 09:58:49,293 - INFO - Processing: seo\0-SEO-Theories\E10, E11, - Content SEO, Important Website Pages.md
2026-02-09 09:58:49,293 - INFO - ============================================================
2026-02-09 09:58:49,293 - INFO - Found TOC in E10, E11, - Content SEO, Important Website Pages.md from line 9 to line 20
2026-02-09 09:58:49,294 - INFO - ✓ Successfully removed TOC from: E10, E11, - Content SEO, Important Website Pages.md
2026-02-09 09:58:49,294 - INFO -   Removed 12 lines
2026-02-09 09:58:49,294 - INFO - 
============================================================
2026-02-09 09:58:49,295 - INFO - Processing: seo\0-SEO-Theories\E12- Woorank(Check Website SEO).md
2026-02-09 09:58:49,295 - INFO - ============================================================
2026-02-09 09:58:49,295 - INFO - No TOC found in: E12- Woorank(Check Website SEO).md
2026-02-09 09:58:49,295 - INFO - 
============================================================
2026-02-09 09:58:49,295 - INFO - Processing: seo\0-SEO-Theories\E13 - Good Contents for SEO.md
2026-02-09 09:58:49,295 - INFO - ============================================================
2026-02-09 09:58:49,296 - INFO - No TOC found in: E13 - Good Contents for SEO.md
2026-02-09 09:58:49,296 - INFO - 
============================================================
2026-02-09 09:58:49,296 - INFO - Processing: seo\0-SEO-Theories\E14 - Links in SEO(Internal & External).md
2026-02-09 09:58:49,296 - INFO - ============================================================
2026-02-09 09:58:49,296 - INFO - No TOC found in: E14 - Links in SEO(Internal & External).md
2026-02-09 09:58:49,296 - INFO - 
============================================================
2026-02-09 09:58:49,296 - INFO - Processing: seo\0-SEO-Theories\E15 - Page Rank.md
2026-02-09 09:58:49,296 - INFO - ============================================================
2026-02-09 09:58:49,297 - INFO - No TOC found in: E15 - Page Rank.md
2026-02-09 09:58:49,297 - INFO - 
============================================================
2026-02-09 09:58:49,297 - INFO - Processing: seo\0-SEO-Theories\E16 - Page Authority & Domain Authority.md
2026-02-09 09:58:49,297 - INFO - ============================================================
2026-02-09 09:58:49,297 - INFO - No TOC found in: E16 - Page Authority & Domain Authority.md
2026-02-09 09:58:49,297 - INFO - 
============================================================
2026-02-09 09:58:49,297 - INFO - Processing: seo\0-SEO-Theories\E17 - Backlinks.md
2026-02-09 09:58:49,298 - INFO - ============================================================
2026-02-09 09:58:49,298 - INFO - No TOC found in: E17 - Backlinks.md
2026-02-09 09:58:49,298 - INFO - 
============================================================
2026-02-09 09:58:49,298 - INFO - Processing: seo\0-SEO-Theories\E6 to E9 - Find Keywords,  Website Structure & Necessary HTML Tags for SEO.md
2026-02-09 09:58:49,298 - INFO - ============================================================
2026-02-09 09:58:49,298 - INFO - No TOC found in: E6 to E9 - Find Keywords,  Website Structure & Necessary HTML Tags for SEO.md
2026-02-09 09:58:49,299 - INFO - 
============================================================
2026-02-09 09:58:49,299 - INFO - Processing: cyber-security\Cryptography\Basic-Encryption.md
2026-02-09 09:58:49,299 - INFO - ============================================================
2026-02-09 09:58:49,299 - INFO - No TOC found in: Basic-Encryption.md
2026-02-09 09:58:49,299 - INFO - 
============================================================
2026-02-09 09:58:49,299 - INFO - Processing: cyber-security\Cryptography\Malwares.md
2026-02-09 09:58:49,299 - INFO - ============================================================
2026-02-09 09:58:49,300 - INFO - No TOC found in: Malwares.md
2026-02-09 09:58:49,300 - INFO - 
============================================================
2026-02-09 09:58:49,300 - INFO - Processing: cyber-security\SANS-401\SANS-401-E0, E1 - (Introduction & Prepare Lab).md
2026-02-09 09:58:49,300 - INFO - ============================================================
2026-02-09 09:58:49,300 - INFO - No TOC found in: SANS-401-E0, E1 - (Introduction & Prepare Lab).md
2026-02-09 09:58:49,300 - INFO - 
============================================================
2026-02-09 09:58:49,300 - INFO - Processing: cyber-security\SANS-401\SANS-401-E2 - Networking and Protocols (401.1).md
2026-02-09 09:58:49,300 - INFO - ============================================================
2026-02-09 09:58:49,301 - INFO - No TOC found in: SANS-401-E2 - Networking and Protocols (401.1).md
2026-02-09 09:58:49,301 - INFO - 
============================================================
2026-02-09 09:58:49,301 - INFO - Processing: cyber-security\SANS-401\SANS-401-E3 - Virtualization & Cloud Infrastructure(401.1).md
2026-02-09 09:58:49,301 - INFO - ============================================================
2026-02-09 09:58:49,301 - INFO - No TOC found in: SANS-401-E3 - Virtualization & Cloud Infrastructure(401.1).md
2026-02-09 09:58:49,302 - INFO - 
============================================================
2026-02-09 09:58:49,302 - INFO - Processing: cyber-security\SANS-401\SANS-401-E4, E5, E6 - Wireless, Aircrack-ng, Wireshark (401.1).md
2026-02-09 09:58:49,302 - INFO - ============================================================
2026-02-09 09:58:49,302 - INFO - No TOC found in: SANS-401-E4, E5, E6 - Wireless, Aircrack-ng, Wireshark (401.1).md
2026-02-09 09:58:49,302 - INFO - 
============================================================
2026-02-09 09:58:49,302 - INFO - Processing: cyber-security\SANS-401\SANS-401-E7- Defense-in-Depth (401.2).md
2026-02-09 09:58:49,302 - INFO - ============================================================
2026-02-09 09:58:49,303 - INFO - No TOC found in: SANS-401-E7- Defense-in-Depth (401.2).md
2026-02-09 09:58:49,303 - INFO - 
============================================================
2026-02-09 09:58:49,303 - INFO - Processing: cyber-security\SANS-401\SANS-401-E8, E9 - Password Cracking.md
2026-02-09 09:58:49,303 - INFO - ============================================================
2026-02-09 09:58:49,303 - INFO - No TOC found in: SANS-401-E8, E9 - Password Cracking.md
2026-02-09 09:58:49,304 - INFO - Tracking file saved with 27 processed files
2026-02-09 09:58:49,304 - INFO - 
============================================================
2026-02-09 09:58:49,304 - INFO - SUMMARY
2026-02-09 09:58:49,304 - INFO - ============================================================
2026-02-09 09:58:49,304 - INFO - Total files found: 27
2026-02-09 09:58:49,304 - INFO - Already processed (skipped): 0
2026-02-09 09:58:49,304 - INFO - TOC removed: 2
2026-02-09 09:58:49,304 - INFO - No TOC found: 25
2026-02-09 09:58:49,304 - INFO - Errors: 0
2026-02-09 09:58:49,304 - INFO - ============================================================
2026-02-09 09:58:49,305 - INFO - 
✓ Report saved to: toc_remover_report.txt
2026-02-09 09:58:49,305 - INFO - 
======================================================================
2026-02-09 09:58:49,305 - INFO - SCRIPT EXECUTION COMPLETED
2026-02-09 09:58:49,305 - INFO - ======================================================================

