2026-02-10 12:01:49,137 - INFO - ================================================================================
2026-02-10 12:01:49,137 - INFO - URL و Canonical Updater - شروع پردازش
2026-02-10 12:01:49,137 - INFO - ================================================================================
2026-02-10 12:01:49,137 - INFO - دایرکتوری پایه: H:\Repo\Hugo\davoodya\test\test-url-updater
2026-02-10 12:01:49,137 - INFO - الگوی جستجو: https://davoodya.ir/
2026-02-10 12:01:49,137 - INFO - الگوی جایگزین: https://davoodya.ir/knowledge/
2026-02-10 12:01:49,137 - INFO - --------------------------------------------------------------------------------
2026-02-10 12:01:49,138 - INFO - ✓ دایرکتوری معتبر است: H:\Repo\Hugo\davoodya\test\test-url-updater
2026-02-10 12:01:49,138 - INFO - در حال جستجوی فایل‌های Markdown...
2026-02-10 12:01:49,138 - INFO - ✓ تعداد 2 فایل Markdown پیدا شد
2026-02-10 12:01:49,138 - INFO - --------------------------------------------------------------------------------
2026-02-10 12:01:49,138 - INFO - شروع پردازش فایل‌ها...
2026-02-10 12:01:49,138 - INFO - --------------------------------------------------------------------------------
2026-02-10 12:01:49,139 - INFO - 
[1/2] 
2026-02-10 12:01:49,139 - INFO - در حال پردازش: test-article-1.md
2026-02-10 12:01:49,140 - INFO -   ✓ موفقیت: 2 مورد جایگزین شد (url: 1, canonical: 1)
2026-02-10 12:01:49,140 - INFO - 
[2/2] 
2026-02-10 12:01:49,140 - INFO - در حال پردازش: test-article-2.md
2026-02-10 12:01:49,141 - INFO -   ✓ موفقیت: 2 مورد جایگزین شد (url: 1, canonical: 1)
2026-02-10 12:01:49,141 - INFO - 
================================================================================
2026-02-10 12:01:49,141 - INFO - گزارش نهایی پردازش
2026-02-10 12:01:49,141 - INFO - ================================================================================
2026-02-10 12:01:49,141 - INFO - دایرکتوری پردازش شده: H:\Repo\Hugo\davoodya\test\test-url-updater
2026-02-10 12:01:49,141 - INFO - تاریخ و زمان: 2026-02-10 12:01:49
2026-02-10 12:01:49,142 - INFO - --------------------------------------------------------------------------------
2026-02-10 12:01:49,142 - INFO - آمار کلی:
2026-02-10 12:01:49,142 - INFO -   • کل فایل‌های یافت شده: 2
2026-02-10 12:01:49,142 - INFO -   • فایل‌های پردازش شده: 2
2026-02-10 12:01:49,142 - INFO -   • فایل‌های رد شده: 0
2026-02-10 12:01:49,142 - INFO -   • فایل‌های با خطا: 0
2026-02-10 12:01:49,142 - INFO - --------------------------------------------------------------------------------
2026-02-10 12:01:49,142 - INFO - آمار جایگزینی:
2026-02-10 12:01:49,142 - INFO -   • کل جایگزینی‌ها: 4
2026-02-10 12:01:49,142 - INFO -   • جایگزینی URL: 2
2026-02-10 12:01:49,143 - INFO -   • جایگزینی Canonical: 2
2026-02-10 12:01:49,143 - INFO - ================================================================================
2026-02-10 12:01:49,143 - INFO - 
✓ گزارش جزئیات در فایل ذخیره شد: url_canonical_updater_report_20260210_120149.txt
2026-02-10 12:01:49,143 - INFO - ✓ لاگ کامل در فایل ذخیره شد: url_canonical_updater_20260210_120149.log
