2026-02-10 12:16:52,663 - INFO - ================================================================================
2026-02-10 12:16:52,663 - INFO - URL و Canonical Updater - شروع پردازش
2026-02-10 12:16:52,663 - INFO - ================================================================================
2026-02-10 12:16:52,663 - INFO - دایرکتوری پایه: H:\Repo\Hugo\davoodya-articles-backup\2-7-2026\linux
2026-02-10 12:16:52,663 - INFO - الگوی جستجو: https://davoodya.ir/
2026-02-10 12:16:52,663 - INFO - الگوی جایگزین: https://davoodya.ir/knowledge/
2026-02-10 12:16:52,663 - INFO - --------------------------------------------------------------------------------
2026-02-10 12:16:52,664 - INFO - ✓ دایرکتوری معتبر است: H:\Repo\Hugo\davoodya-articles-backup\2-7-2026\linux
2026-02-10 12:16:52,664 - INFO - در حال جستجوی فایل‌های Markdown...
2026-02-10 12:16:52,664 - INFO - ✓ تعداد 3 فایل Markdown پیدا شد
2026-02-10 12:16:52,664 - INFO - --------------------------------------------------------------------------------
2026-02-10 12:16:52,665 - INFO - شروع پردازش فایل‌ها...
2026-02-10 12:16:52,665 - INFO - --------------------------------------------------------------------------------
2026-02-10 12:16:52,665 - INFO - 
[1/3] 
2026-02-10 12:16:52,665 - INFO - در حال پردازش: 60 Commands Hacker Should Know it - Copy.md
2026-02-10 12:16:52,666 - INFO -   ✓ موفقیت: 4 مورد جایگزین شد (url: 3, canonical: 1)
2026-02-10 12:16:52,666 - INFO - 
[2/3] 
2026-02-10 12:16:52,666 - INFO - در حال پردازش: 60 Commands Hacker Should Know it.md
2026-02-10 12:16:52,667 - INFO -   ✓ موفقیت: 2 مورد جایگزین شد (url: 1, canonical: 1)
2026-02-10 12:16:52,667 - INFO - 
[3/3] 
2026-02-10 12:16:52,667 - INFO - در حال پردازش: _index.md
2026-02-10 12:16:52,675 - INFO -   ℹ اطلاع: URL قدیمی یافت نشد - فایل رد شد
2026-02-10 12:16:52,676 - INFO - 
================================================================================
2026-02-10 12:16:52,676 - INFO - گزارش نهایی پردازش
2026-02-10 12:16:52,676 - INFO - ================================================================================
2026-02-10 12:16:52,676 - INFO - دایرکتوری پردازش شده: H:\Repo\Hugo\davoodya-articles-backup\2-7-2026\linux
2026-02-10 12:16:52,676 - INFO - تاریخ و زمان: 2026-02-10 12:16:52
2026-02-10 12:16:52,676 - INFO - --------------------------------------------------------------------------------
2026-02-10 12:16:52,676 - INFO - آمار کلی:
2026-02-10 12:16:52,676 - INFO -   • کل فایل‌های یافت شده: 3
2026-02-10 12:16:52,676 - INFO -   • فایل‌های پردازش شده: 2
2026-02-10 12:16:52,676 - INFO -   • فایل‌های رد شده: 1
2026-02-10 12:16:52,676 - INFO -   • فایل‌های با خطا: 0
2026-02-10 12:16:52,676 - INFO - --------------------------------------------------------------------------------
2026-02-10 12:16:52,676 - INFO - آمار جایگزینی:
2026-02-10 12:16:52,676 - INFO -   • کل جایگزینی‌ها: 6
2026-02-10 12:16:52,676 - INFO -   • جایگزینی URL: 4
2026-02-10 12:16:52,676 - INFO -   • جایگزینی Canonical: 2
2026-02-10 12:16:52,676 - INFO - ================================================================================
2026-02-10 12:16:52,677 - INFO - 
✓ گزارش جزئیات در فایل ذخیره شد: url_canonical_updater_report_20260210_121652.txt
2026-02-10 12:16:52,677 - INFO - ✓ لاگ کامل در فایل ذخیره شد: url_canonical_updater_20260210_121448.log
